Methanothermobacter thermautotrophicus
Methanococcus jannaschii
Methanosarcina acetivorans str. C2A
Halobacterium sp. NRC-1
Thermoplasma acidophilum
Thermoplasma volcanium
Pyrococcus horikoshii
Pyrococcus abyssi
Archaeoglobus fulgidus
Methanopyrus kandleri AV19
Pyrobaculum aerophilum
Sulfolobus solfataricus
Aeropyrum pernix
Saccharomyces cerevisiae
Schizosaccharomyces pombe
Encephalitozoon_cuniculi
Aquifex aeolicus
Thermotoga maritima
Synechocystis
Nostoc sp. PCC 7120
Fusobacterium nucleatum
Deinococcus radiodurans
Chlamydia trachomatis
Chlamydophila pneumoniae CWL029
Treponema pallidum
Borrelia burgdorferi
Corynebacterium glutamicum
Mycobacterium tuberculosis H37Rv
Mycobacterium tuberculosis CDC1551
Mycobacterium leprae
Clostridium acetobutylicum
Lactococcus lactis
Streptococcus pyogenes M1 GAS
Streptococcus pneumoniae TIGR4
Staphylococcus aureus N315
Listeria innocua
Bacillus subtilis
Bacillus halodurans
Ureaplasma urealyticum
Mycoplasma pulmonis
Mycoplasma pneumoniae
Mycoplasma genitalium
Escherichia coli K12
Escherichia coli O157:H7 EDL933
Escherichia coli O157:H7
Yersinia pestis
Salmonella typhimurium LT2
Buchnera sp. APS
Vibrio cholerae
Pseudomonas aeruginosa
Haemophilus influenzae
Pasteurella multocida
Xylella fastidiosa 9a5c
Neisseria meningitidis MC58
Neisseria meningitidis Z2491
Ralstonia solanacearum
Helicobacter pylori 26695
Helicobacter pylori J99
Campylobacter jejuni
Agrobacterium tumefaciens strain C58 (Cereon)
Sinorhizobium meliloti
Brucella melitensis
Mesorhizobium loti
Caulobacter vibrioides
Rickettsia prowazekii
Rickettsia conorii
